[INFO] Scanning for projects...
[INFO] 
[INFO] ----------------------< com.minetrace:minetrace >-----------------------
[INFO] Building minetrace 0.0.1-SNAPSHOT
[INFO]   from pom.xml
[INFO] --------------------------------[ jar ]---------------------------------
[INFO] 
[INFO] >>> spring-boot:3.3.5:run (default-cli) > test-compile @ minetrace >>>
[INFO] 
[INFO] --- resources:3.3.1:resources (default-resources) @ minetrace ---
[INFO] Copying 1 resource from src\main\resources to target\classes
[INFO] Copying 0 resource from src\main\resources to target\classes
[INFO] 
[INFO] --- compiler:3.13.0:compile (default-compile) @ minetrace ---
[INFO] Nothing to compile - all classes are up to date.
[INFO] 
[INFO] --- resources:3.3.1:testResources (default-testResources) @ minetrace ---
[INFO] skip non existing resourceDirectory C:\Users\elvis\OneDrive\Documents\MineTrace2.0\minetrace-backend\minetrace\src\test\resources
[INFO] 
[INFO] --- compiler:3.13.0:testCompile (default-testCompile) @ minetrace ---
[INFO] Nothing to compile - all classes are up to date.
[INFO] 
[INFO] <<< spring-boot:3.3.5:run (default-cli) < test-compile @ minetrace <<<
[INFO] 
[INFO] 
[INFO] --- spring-boot:3.3.5:run (default-cli) @ minetrace ---
[INFO] Attaching agents: []

  .   ____          _            __ _ _
 /\\ / ___'_ __ _ _(_)_ __  __ _ \ \ \ \
( ( )\___ | '_ | '_| | '_ \/ _` | \ \ \ \
 \\/  ___)| |_)| | | | | || (_| |  ) ) ) )
  '  |____| .__|_| |_|_| |_\__, | / / / /
 =========|_|==============|___/=/_/_/_/

 :: Spring Boot ::                (v3.3.5)

2026-06-01T04:38:23.340+02:00  INFO 7912 --- [minetrace] [  restartedMain] c.m.minetrace.MinetraceApplication       : Starting MinetraceApplication using Java 17.0.12 with PID 7912 (C:\Users\elvis\OneDrive\Documents\MineTrace2.0\minetrace-backend\minetrace\target\classes started by elvis in C:\Users\elvis\OneDrive\Documents\MineTrace2.0\minetrace-backend\minetrace)
2026-06-01T04:38:23.347+02:00  INFO 7912 --- [minetrace] [  restartedMain] c.m.minetrace.MinetraceApplication       : No active profile set, falling back to 1 default profile: "default"
2026-06-01T04:38:23.583+02:00  INFO 7912 --- [minetrace] [  restartedMain] .e.DevToolsPropertyDefaultsPostProcessor : Devtools property defaults active! Set 'spring.devtools.add-properties' to 'false' to disable
2026-06-01T04:38:23.583+02:00  INFO 7912 --- [minetrace] [  restartedMain] .e.DevToolsPropertyDefaultsPostProcessor : For additional web related logging consider setting the 'logging.level.web' property to 'DEBUG'
2026-06-01T04:38:26.314+02:00  INFO 7912 --- [minetrace] [  restartedMain] .s.d.r.c.RepositoryConfigurationDelegate : Bootstrapping Spring Data JPA repositories in DEFAULT mode.
2026-06-01T04:38:26.940+02:00  INFO 7912 --- [minetrace] [  restartedMain] .s.d.r.c.RepositoryConfigurationDelegate : Finished Spring Data repository scanning in 614 ms. Found 8 JPA repository interfaces.
2026-06-01T04:38:29.514+02:00  INFO 7912 --- [minetrace] [  restartedMain] o.s.b.w.embedded.tomcat.TomcatWebServer  : Tomcat initialized with port 8082 (http)
2026-06-01T04:38:29.541+02:00  INFO 7912 --- [minetrace] [  restartedMain] o.apache.catalina.core.StandardService   : Starting service [Tomcat]
2026-06-01T04:38:29.541+02:00  INFO 7912 --- [minetrace] [  restartedMain] o.apache.catalina.core.StandardEngine    : Starting Servlet engine: [Apache Tomcat/10.1.31]
2026-06-01T04:38:29.668+02:00  INFO 7912 --- [minetrace] [  restartedMain] o.a.c.c.C.[Tomcat].[localhost].[/]       : Initializing Spring embedded WebApplicationContext
2026-06-01T04:38:29.668+02:00  INFO 7912 --- [minetrace] [  restartedMain] w.s.c.ServletWebServerApplicationContext : Root WebApplicationContext: initialization completed in 6084 ms
2026-06-01T04:38:30.016+02:00  INFO 7912 --- [minetrace] [  restartedMain] o.hibernate.jpa.internal.util.LogHelper  : HHH000204: Processing PersistenceUnitInfo [name: default]
2026-06-01T04:38:30.181+02:00  INFO 7912 --- [minetrace] [  restartedMain] org.hibernate.Version                    : HHH000412: Hibernate ORM core version 6.5.3.Final
2026-06-01T04:38:30.354+02:00  INFO 7912 --- [minetrace] [  restartedMain] o.h.c.internal.RegionFactoryInitiator    : HHH000026: Second-level cache disabled
2026-06-01T04:38:31.066+02:00  INFO 7912 --- [minetrace] [  restartedMain] o.s.o.j.p.SpringPersistenceUnitInfo      : No LoadTimeWeaver setup: ignoring JPA class transformer
2026-06-01T04:38:31.135+02:00  INFO 7912 --- [minetrace] [  restartedMain] com.zaxxer.hikari.HikariDataSource       : HikariPool-1 - Starting...
2026-06-01T04:38:31.531+02:00  INFO 7912 --- [minetrace] [  restartedMain] com.zaxxer.hikari.pool.HikariPool        : HikariPool-1 - Added connection org.postgresql.jdbc.PgConnection@c6441db
2026-06-01T04:38:31.546+02:00  INFO 7912 --- [minetrace] [  restartedMain] com.zaxxer.hikari.HikariDataSource       : HikariPool-1 - Start completed.
2026-06-01T04:38:31.640+02:00  WARN 7912 --- [minetrace] [  restartedMain] org.hibernate.orm.deprecation            : HHH90000025: PostgreSQLDialect does not need to be specified explicitly using 'hibernate.dialect' (remove the property setting and it will be selected by default)
2026-06-01T04:38:37.069+02:00  INFO 7912 --- [minetrace] [  restartedMain] o.h.e.t.j.p.i.JtaPlatformInitiator       : HHH000489: No JTA platform available (set 'hibernate.transaction.jta.platform' to enable JTA platform integration)
2026-06-01T04:38:37.854+02:00  INFO 7912 --- [minetrace] [  restartedMain] j.LocalContainerEntityManagerFactoryBean : Initialized JPA EntityManagerFactory for persistence unit 'default'
2026-06-01T04:38:40.102+02:00  INFO 7912 --- [minetrace] [  restartedMain] o.s.d.j.r.query.QueryEnhancerFactory     : Hibernate is in classpath; If applicable, HQL parser will be used.
2026-06-01T04:38:42.086+02:00  INFO 7912 --- [minetrace] [  restartedMain] eAuthenticationProviderManagerConfigurer : Global AuthenticationManager configured with AuthenticationProvider bean with name authenticationProvider
2026-06-01T04:38:42.087+02:00  WARN 7912 --- [minetrace] [  restartedMain] r$InitializeUserDetailsManagerConfigurer : Global AuthenticationManager configured with an AuthenticationProvider bean. UserDetailsService beans will not be used for username/password login. Consider removing the AuthenticationProvider bean. Alternatively, consider using the UserDetailsService in a manually instantiated DaoAuthenticationProvider.
2026-06-01T04:38:43.253+02:00  WARN 7912 --- [minetrace] [  restartedMain] JpaBaseConfiguration$JpaWebConfiguration : spring.jpa.open-in-view is enabled by default. Therefore, database queries may be performed during view rendering. Explicitly configure spring.jpa.open-in-view to disable this warning
2026-06-01T04:38:44.924+02:00  INFO 7912 --- [minetrace] [  restartedMain] o.s.b.d.a.OptionalLiveReloadServer       : LiveReload server is running on port 35729
2026-06-01T04:38:45.114+02:00  INFO 7912 --- [minetrace] [  restartedMain] o.s.b.w.embedded.tomcat.TomcatWebServer  : Tomcat started on port 8082 (http) with context path '/'
2026-06-01T04:38:45.118+02:00  INFO 7912 --- [minetrace] [  restartedMain] o.s.m.s.b.SimpleBrokerMessageHandler     : Starting...
2026-06-01T04:38:45.119+02:00  INFO 7912 --- [minetrace] [  restartedMain] o.s.m.s.b.SimpleBrokerMessageHandler     : BrokerAvailabilityEvent[available=true, SimpleBrokerMessageHandler [org.springframework.messaging.simp.broker.DefaultSubscriptionRegistry@679ca0d3]]
2026-06-01T04:38:45.119+02:00  INFO 7912 --- [minetrace] [  restartedMain] o.s.m.s.b.SimpleBrokerMessageHandler     : Started.
2026-06-01T04:38:45.140+02:00  INFO 7912 --- [minetrace] [  restartedMain] c.m.minetrace.MinetraceApplication       : Started MinetraceApplication in 23.233 seconds (process running for 24.714)
2026-06-01T04:38:45.530+02:00  INFO 7912 --- [minetrace] [nio-8082-exec-1] o.a.c.c.C.[Tomcat].[localhost].[/]       : Initializing Spring DispatcherServlet 'dispatcherServlet'
2026-06-01T04:38:45.530+02:00  INFO 7912 --- [minetrace] [nio-8082-exec-1] o.s.web.servlet.DispatcherServlet        : Initializing Servlet 'dispatcherServlet'
2026-06-01T04:38:45.530+02:00  INFO 7912 --- [minetrace] [nio-8082-exec-1] o.s.web.servlet.DispatcherServlet        : Completed initialization in 0 ms
2026-06-01T04:38:45.639+02:00  WARN 7912 --- [minetrace] [nio-8082-exec-1] .w.s.m.s.DefaultHandlerExceptionResolver : Resolved [org.springframework.web.HttpRequestMethodNotSupportedException: Request method 'GET' is not supported]
2026-06-01T04:39:45.007+02:00  INFO 7912 --- [minetrace] [MessageBroker-1] o.s.w.s.c.WebSocketMessageBrokerStats    : WebSocketSession[0 current WS(0)-HttpStream(0)-HttpPoll(0), 0 total, 0 closed abnormally (0 connect failure, 0 send limit, 0 transport error)], stompSubProtocol[processed CONNECT(0)-CONNECTED(0)-DISCONNECT(0)], stompBrokerRelay[null], inboundChannel[pool size = 0, active threads = 0, queued tasks = 0, completed tasks = 0], outboundChannel[pool size = 0, active threads = 0, queued tasks = 0, completed tasks = 0], sockJsScheduler[pool size = 1, active threads = 1, queued tasks = 0, completed tasks = 0]
2026-06-01T05:09:45.043+02:00  INFO 7912 --- [minetrace] [MessageBroker-1] o.s.w.s.c.WebSocketMessageBrokerStats    : WebSocketSession[0 current WS(0)-HttpStream(0)-HttpPoll(0), 0 total, 0 closed abnormally (0 connect failure, 0 send limit, 0 transport error)], stompSubProtocol[processed CONNECT(0)-CONNECTED(0)-DISCONNECT(0)], stompBrokerRelay[null], inboundChannel[pool size = 0, active threads = 0, queued tasks = 0, completed tasks = 0], outboundChannel[pool size = 0, active threads = 0, queued tasks = 0, completed tasks = 0], sockJsScheduler[pool size = 2, active threads = 1, queued tasks = 0, completed tasks = 1]
2026-06-01T05:39:45.772+02:00  INFO 7912 --- [minetrace] [MessageBroker-2] o.s.w.s.c.WebSocketMessageBrokerStats    : WebSocketSession[0 current WS(0)-HttpStream(0)-HttpPoll(0), 0 total, 0 closed abnormally (0 connect failure, 0 send limit, 0 transport error)], stompSubProtocol[processed CONNECT(0)-CONNECTED(0)-DISCONNECT(0)], stompBrokerRelay[null], inboundChannel[pool size = 0, active threads = 0, queued tasks = 0, completed tasks = 0], outboundChannel[pool size = 0, active threads = 0, queued tasks = 0, completed tasks = 0], sockJsScheduler[pool size = 3, active threads = 1, queued tasks = 0, completed tasks = 2]
2026-06-01T06:09:45.804+02:00  INFO 7912 --- [minetrace] [MessageBroker-1] o.s.w.s.c.WebSocketMessageBrokerStats    : WebSocketSession[0 current WS(0)-HttpStream(0)-HttpPoll(0), 0 total, 0 closed abnormally (0 connect failure, 0 send limit, 0 transport error)], stompSubProtocol[processed CONNECT(0)-CONNECTED(0)-DISCONNECT(0)], stompBrokerRelay[null], inboundChannel[pool size = 0, active threads = 0, queued tasks = 0, completed tasks = 0], outboundChannel[pool size = 0, active threads = 0, queued tasks = 0, completed tasks = 0], sockJsScheduler[pool size = 4, active threads = 1, queued tasks = 0, completed tasks = 3]
2026-06-01T06:39:46.586+02:00  INFO 7912 --- [minetrace] [MessageBroker-1] o.s.w.s.c.WebSocketMessageBrokerStats    : WebSocketSession[0 current WS(0)-HttpStream(0)-HttpPoll(0), 0 total, 0 closed abnormally (0 connect failure, 0 send limit, 0 transport error)], stompSubProtocol[processed CONNECT(0)-CONNECTED(0)-DISCONNECT(0)], stompBrokerRelay[null], inboundChannel[pool size = 0, active threads = 0, queued tasks = 0, completed tasks = 0], outboundChannel[pool size = 0, active threads = 0, queued tasks = 0, completed tasks = 0], sockJsScheduler[pool size = 4, active threads = 1, queued tasks = 0, completed tasks = 4]
